// Vitest Snapshot v1, https://vitest.dev/guide/snapshot.html

exports[`NavigationContainer > renders without crashing 1`] = `
<header
  class="MuiPaper-root MuiPaper-elevation MuiPaper-elevation4 MuiAppBar-root MuiAppBar-colorPrimary MuiAppBar-positionFixed mui-fixed css-1m7vu0j-MuiPaper-root-MuiAppBar-root"
  data-testid="navigation-container"
  style="--Paper-shadow: 0px 2px 4px -1px rgba(0,0,0,0.2),0px 4px 5px 0px rgba(0,0,0,0.14),0px 1px 10px 0px rgba(0,0,0,0.12);"
>
  Content
</header>
`;
